

درخواست جدید از وب‌سایت پیشرو تجهیز فرتاک
----------------------------------------
نام: سلام
شرکت: 
تلفن: 09126473290
ایمیل: 
حوزه درخواست: سایر موارد
موضوع: انواع شیرآلات
----------------------------------------
شرح درخواست:
ببین چی داری
----------------------------------------
IP: 2.190.98.14
Date: 2026-06-29 01:52:03

پیوست ارسال شد اما به دلیل فرمت یا حجم غیرمجاز ذخیره نشد.


درخواست جدید از وب‌سایت پیشرو تجهیز فرتاک
----------------------------------------
نام: Robertsuecy
شرکت: google
تلفن: 86455585978
ایمیل: zekisuquc419@gmail.com
حوزه درخواست: ????? ???? ? ?????
موضوع: Hallo, i am writing about your   price for reseller
----------------------------------------
شرح درخواست:
Aloha, makemake wau eʻike i kāu kumukūʻai.
----------------------------------------
IP: 77.90.185.5
Date: 2026-07-01 23:26:31


درخواست جدید از وب‌سایت پیشرو تجهیز فرتاک
----------------------------------------
نام: منش
شرکت: ییسسیسس
تلفن: 09126473290
ایمیل: 
حوزه درخواست: برق صنعتی و اتوماسیون
موضوع: تامین فوری و اضطراری پروژه (Emergency Supply)
----------------------------------------
شرح درخواست:
استعلام هوشمند v4.0 - استاندارد:  - وندور لیست: برندهای تراز اول اروپایی و کره‌ای (Top Tier European/Korean)
----------------------------------------
IP: 2.190.98.14
Date: 2026-07-02 00:00:49
